---
source: fml/tests/fuzzy_log_pane.rs
assertion_line: 387
expression: buffer_to_underlined_snapshot(buffer)
---
┌ FML [SEARCH] ────────────────────────────────────────┐┌ Info ────────────────┐
│> 1 INFO [Service] A needle                             ││seq: 1                │
│                                                      ││timestamp: 2024-01-02T│
│                                                      ││level: INFO           │
│                                                      ││producer: fake        │
│                                                      ││source: [Service] A     │
│                                                      │└──────────────────────┘
│                                                      │┌ Preview [ MODE ] ────┐
│                                                      ││                      │
│                                                      ││                      │
│                                                      ││                      │
│                                                      ││                      │
│                                                      ││                      │
│                                                      ││                      │
│                                                      ││                      │
│                                                      ││                      │
│                                                      ││                      │
│                                                      ││                      │
│                                                      ││                      │
└──────────────────────────────────────────────────────┘│                      │
┌ Query ───────────────────────────────────────────────┐│                      │
│> Service                                             ││                      │
└──────────────────────────────────────────────────────┘└──────────────────────┘
 Quit <ctrl+c> | Help <?>                                                v0.0.1
