---
source: fml/tests/fuzzy_log_pane.rs
expression: buffer_to_underlined_snapshot(buffer)
---
┌ FML [SEARCH] ────────────────────────────────────────┐┌ Info ────────────────┐
│> 1 INFO [Service] A needle                             ││                      │
│                                                      ││                      │
│                                                      ││                      │
│                                                      ││                      │
│                                                      ││                      │
│                                                      │└──────────────────────┘
│                                                      │┌ Preview [ MODE ] ────┐
│                                                      ││                      │
│                                                      ││                      │
│                                                      ││                      │
│                                                      ││                      │
│                                                      ││                      │
│                                                      ││                      │
│                                                      ││                      │
│                                                      ││                      │
│                                                      ││                      │
│                                                      ││                      │
│                                                      ││                      │
└──────────────────────────────────────────────────────┘│                      │
┌ Query ───────────────────────────────────────────────┐│                      │
│> Service                                             ││                      │
└──────────────────────────────────────────────────────┘└──────────────────────┘
 Quit <ctrl+c> | Help <?>                                                v0.0.1
