---
source: fml/tests/log_pane_scrollbar.rs
expression: render_app(&mut app)
---
┌ FML [TAIL] ──────────────────────────────────────────┐┌ Info ────────────────┐
│  1 INFO src-a entry 1                                ││                      │
│  2 INFO src-a entry 2                                ││                      │
│  3 INFO src-a entry 3                                ││                      │
│  4 INFO src-a entry 4                                ││                      │
│> 5 INFO src-a entry 5                                ││                      │
│                                                      │└──────────────────────┘
│                                                      │┌ Preview [ MODE ] ────┐
│                                                      ││                      │
│                                                      ││                      │
│                                                      ││                      │
│                                                      ││                      │
│                                                      ││                      │
│                                                      ││                      │
│                                                      ││                      │
│                                                      ││                      │
│                                                      ││                      │
│                                                      ││                      │
│                                                      ││                      │
└──────────────────────────────────────────────────────┘│                      │
┌ Query ───────────────────────────────────────────────┐│                      │
│>  Enter a query...                                   ││                      │
└──────────────────────────────────────────────────────┘└──────────────────────┘
 Quit <ctrl+c> | Help <?>                                                v0.0.1
