---
source: fml/tests/render_snapshot.rs
expression: buffer_to_string(app.terminal.backend().buffer())
---
┏ FML [TAIL] | Store 4/1M ━━━━━━━━━━━━━┓┌ Info ────────────────────────────────┐
┃  1 INFO src-a other request          ┃│seq: 4                                │
┃  2 INFO src-b shared request starts  ┃│timestamp: 2024-01-02T03:04:05+00:00  │
┃  3 INFO src-a fieldless noise        ┃│level: INFO                           │
┃> 4 INFO src-c shared request finishes┃│producer: fake                        │
┃                                      ┃│source: src-c                         │
┃                                      ┃└──────────────────────────────────────┘
┃                                      ┃┌ Preview [ FIELD MATCHED ] ───────────┐
┃                                      ┃│                                      │
┃                                      ┃│                                      │
┃                                      ┃│                                      │
┃                                      ┃│                                      │
┃                                      ┃│                                      │
┃                                      ┃│                                      │
┃                                      ┃│  2 INFO src-b shared request starts  │
┃                                      ┃│> 4 INFO src-c shared request finishes│
┃                                      ┃│                                      │
┃                                      ┃│                                      │
┃                                      ┃│                                      │
┗━━━━━━━━━━━━━━━━━━━━━━━━━━━━━━━━━━━━━━┛│                                      │
┌ Query ───────────────────────────────┐│                                      │
│>  Enter a query...                   ││                                      │
└──────────────────────────────────────┘└──────────────────────────────────────┘
 Quit <ctrl+c> | Help <?> | Search </>                                   v0.3.0
