---
source: fml/tests/source_name_truncation.rs
expression: buffer_to_string(app.terminal.backend().buffer())
---
┏ FML [TAIL] | Store 3/1M ━━━━━━━━━━━━━┓┌ Info ────────────────────────────────┐
┃  1 INFO payments-…/payments request a┃│seq: 3                                │
┃  2 INFO payments-…tio-proxy upstream ┃│timestamp: 2024-01-02T03:04:05+00:00  │
┃> 3 INFO checkout-…wp/worker job deque┃│level: INFO                           │
┃                                      ┃│producer: fake                        │
┃                                      ┃│source: checkout-worker-6c5f9b8d7c-qz9│
┃                                      ┃└──────────────────────────────────────┘
┃                                      ┃┌ Preview [ SURROUNDING ] ─────────────┐
┃                                      ┃│                                      │
┃                                      ┃│                                      │
┃                                      ┃│                                      │
┃                                      ┃│                                      │
┃                                      ┃│                                      │
┃                                      ┃│                                      │
┃                                      ┃│                                      │
┃                                      ┃│> 3 INFO checkout-…wp/worker job deque│
┃                                      ┃│                                      │
┃                                      ┃│                                      │
┃                                      ┃│                                      │
┗━━━━━━━━━━━━━━━━━━━━━━━━━━━━━━━━━━━━━━┛│                                      │
┌ Query ───────────────────────────────┐│                                      │
│>  Enter a query...                   ││                                      │
└──────────────────────────────────────┘└──────────────────────────────────────┘
 Quit <ctrl+c> | Help <?> | Search </>                                   v0.4.0
